﻿node.exe : [31mΓ£ù[39m Build failed in 529ms
At C:\Users\LOQ\AppData\Roaming\npm\npm.ps1:24 char:5
+     & "node$exe"  
"$basedir/node_modules/npm/bin/npm-cli.js" $args
+     ~~~~~~~~~~~~~~~~~~~~~~~~~~~~~~~~~~~~~~~~~~~~~~~~~~~~~~
~~~~~~~~
    + CategoryInfo          : NotSpecified: ([31mΓ£ù[39m  
   Build failed in 529ms:String) [], RemoteException
    + FullyQualifiedErrorId : NativeCommandError
 
[31merror during build:
[31mBuild failed with 1 error:

[plugin vite:css] 
D:/overall-tracker/frontend/src/index.css:undefined:NaN
Error: [postcss] It looks like you're trying to use 
`tailwindcss` directly as a PostCSS plugin. The PostCSS 
plugin has moved to a separate package, so to continue 
using Tailwind CSS with PostCSS you'll need to install 
`@tailwindcss/postcss` and update your PostCSS 
configuration.
    at at (D:\overall-tracker\frontend\node_modules\tailwind
css\dist\lib.js:38:1643)
    at LazyResult.runOnRoot (D:\overall-tracker\frontend\nod
e_modules\postcss\lib\lazy-result.js:361:16)
    at LazyResult.runAsync (D:\overall-tracker\frontend\node
_modules\postcss\lib\lazy-result.js:290:26)
    at LazyResult.async (D:\overall-tracker\frontend\node_mo
dules\postcss\lib\lazy-result.js:192:30)
    at LazyResult.then (D:\overall-tracker\frontend\node_mod
ules\postcss\lib\lazy-result.js:436:17)[31m
    at aggregateBindingErrorsIntoJsError (file:///D:/overall
-tracker/frontend/node_modules/rolldown/dist/shared/error-CP
8smW_P.mjs:48:18)
    at unwrapBindingResult (file:///D:/overall-tracker/front
end/node_modules/rolldown/dist/shared/error-CP8smW_P.mjs:18:
128)
    at #build (file:///D:/overall-tracker/frontend/node_modu
les/rolldown/dist/shared/rolldown-build-4YnQkA76.mjs:3311:34
)
    at async buildEnvironment (file:///D:/overall-tracker/fr
ontend/node_modules/vite/dist/node/chunks/node.js:32794:64)
    at async Object.build (file:///D:/overall-tracker/fronte
nd/node_modules/vite/dist/node/chunks/node.js:33216:19)
    at async Object.buildApp (file:///D:/overall-tracker/fro
ntend/node_modules/vite/dist/node/chunks/node.js:33213:153)
    at async CAC.<anonymous> (file:///D:/overall-tracker/fro
ntend/node_modules/vite/dist/node/cli.js:778:3) {
  errors: [Getter/Setter]
}[39m
